// Jest Snapshot v1, https://goo.gl/fbAQLP

exports[`<DrawerMenu /> should render as expected 1`] = `ShallowWrapper {}`;
