// Jest Snapshot v1, https://goo.gl/fbAQLP

exports[`<TabItem /> should render as expected 1`] = `ShallowWrapper {}`;
