// Jest Snapshot v1, https://goo.gl/fbAQLP

exports[`<HamburgerMenu /> should render as expected 1`] = `ShallowWrapper {}`;
